// Jest Snapshot v1, https://goo.gl/fbAQLP

exports[`fix #2, wrong date calendar sets 1`] = `
Array [
  Array [
    "",
    "",
    "",
    "",
    "",
    "",
    "2023-01-01",
  ],
  Array [
    "2023-01-02",
    "2023-01-03",
    "2023-01-04",
    "2023-01-05",
    "2023-01-06",
    "2023-01-07",
    "2023-01-08",
  ],
  Array [
    "2023-01-09",
    "2023-01-10",
    "2023-01-11",
    "2023-01-12",
    "2023-01-13",
    "2023-01-14",
    "2023-01-15",
  ],
  Array [
    "2023-01-16",
    "2023-01-17",
    "2023-01-18",
    "2023-01-19",
    "2023-01-20",
    "2023-01-21",
    "2023-01-22",
  ],
  Array [
    "2023-01-23",
    "2023-01-24",
    "2023-01-25",
    "2023-01-26",
    "2023-01-27",
    "2023-01-28",
    "2023-01-29",
  ],
  Array [
    "2023-01-30",
    "2023-01-31",
    "",
    "",
    "",
    "",
    "",
  ],
]
`;
